{
    "Test maxquant profile - contrasts": {
        "content": [
            20,
            {
                "CUSTOM_FILTERDIFFERENTIALTABLE": {
                    "pandas": "1.5.2"
                },
                "LIMMA_DIFFERENTIAL": {
                    "r-base": "4.3.3",
                    "bioconductor-limma": "3.58.1"
                },
                "PLOT_DIFFERENTIAL": {
                    "r-shinyngs": "2.3.0"
                },
                "PLOT_EXPLORATORY": {
                    "r-shinyngs": "2.3.0"
                },
                "PROTEUS": {
                    "r-base": "4.2.1",
                    "r-proteus-bartongroup": "0.2.16",
                    "r-plotly": "4.10.2",
                    "bioconductor-limma": "3.54.0"
                },
                "VALIDATOR": {
                    "r-shinyngs": "2.3.0"
                },
                "Workflow": {
                    "nf-core/differentialabundance": "v1.6.0dev"
                }
            },
            [
                "other",
                "other/limma",
                "other/limma/contrasts",
                "other/limma/contrasts/fakebatch_fakeBatch_b1_b2_PXD043349.MArrayLM.limma.rds",
                "other/limma/contrasts/genotype_celltype_t1_FoB_PXD043349.MArrayLM.limma.rds",
                "other/limma/contrasts/genotype_celltype_t1_MZ_fakeBatch_PXD043349.MArrayLM.limma.rds",
                "other/limma/contrasts/genotype_celltype_t1_t2_PXD043349.MArrayLM.limma.rds",
                "other/proteus",
                "other/proteus/R_sessionInfo.log",
                "other/proteus/contrasts",
                "other/proteus/contrasts/Celltype",
                "other/proteus/contrasts/Celltype/normalizeMedian.normalized_proteingroups.rds",
                "other/proteus/contrasts/Celltype/raw_proteingroups.rds",
                "other/proteus/contrasts/fakeBatch",
                "other/proteus/contrasts/fakeBatch/normalizeMedian.normalized_proteingroups.rds",
                "other/proteus/contrasts/fakeBatch/raw_proteingroups.rds",
                "pipeline_info",
                "pipeline_info/collated_versions.yml",
                "pipeline_info/nf_core_differentialabundance_software_versions.yml",
                "plots",
                "plots/differential",
                "plots/differential/contrasts",
                "plots/differential/contrasts/fakebatch_fakeBatch_b1_b2_PXD043349",
                "plots/differential/contrasts/fakebatch_fakeBatch_b1_b2_PXD043349/png",
                "plots/differential/contrasts/fakebatch_fakeBatch_b1_b2_PXD043349/png/volcano.png",
                "plots/differential/contrasts/genotype_celltype_t1_FoB_PXD043349",
                "plots/differential/contrasts/genotype_celltype_t1_FoB_PXD043349/png",
                "plots/differential/contrasts/genotype_celltype_t1_FoB_PXD043349/png/volcano.png",
                "plots/differential/contrasts/genotype_celltype_t1_MZ_fakeBatch_PXD043349",
                "plots/differential/contrasts/genotype_celltype_t1_MZ_fakeBatch_PXD043349/png",
                "plots/differential/contrasts/genotype_celltype_t1_MZ_fakeBatch_PXD043349/png/volcano.png",
                "plots/differential/contrasts/genotype_celltype_t1_t2_PXD043349",
                "plots/differential/contrasts/genotype_celltype_t1_t2_PXD043349/png",
                "plots/differential/contrasts/genotype_celltype_t1_t2_PXD043349/png/volcano.png",
                "plots/differential/contrasts/versions.yml",
                "plots/exploratory",
                "plots/exploratory/contrasts",
                "plots/exploratory/contrasts/Celltype",
                "plots/exploratory/contrasts/Celltype/png",
                "plots/exploratory/contrasts/Celltype/png/boxplot.png",
                "plots/exploratory/contrasts/Celltype/png/density.png",
                "plots/exploratory/contrasts/Celltype/png/mad_correlation.png",
                "plots/exploratory/contrasts/Celltype/png/pca2d.png",
                "plots/exploratory/contrasts/Celltype/png/pca3d.png",
                "plots/exploratory/contrasts/Celltype/png/sample_dendrogram.png",
                "plots/exploratory/contrasts/fakeBatch",
                "plots/exploratory/contrasts/fakeBatch/png",
                "plots/exploratory/contrasts/fakeBatch/png/boxplot.png",
                "plots/exploratory/contrasts/fakeBatch/png/density.png",
                "plots/exploratory/contrasts/fakeBatch/png/mad_correlation.png",
                "plots/exploratory/contrasts/fakeBatch/png/pca2d.png",
                "plots/exploratory/contrasts/fakeBatch/png/pca3d.png",
                "plots/exploratory/contrasts/fakeBatch/png/sample_dendrogram.png",
                "plots/exploratory/contrasts/versions.yml",
                "plots/proteus",
                "plots/proteus/contrasts",
                "plots/proteus/contrasts/Celltype",
                "plots/proteus/contrasts/Celltype/normalizeMedian.normalized_dendrogram.png",
                "plots/proteus/contrasts/Celltype/normalizeMedian.normalized_distributions.png",
                "plots/proteus/contrasts/Celltype/normalizeMedian.normalized_mean_variance_relationship.png",
                "plots/proteus/contrasts/Celltype/raw_distributions.png",
                "plots/proteus/contrasts/fakeBatch",
                "plots/proteus/contrasts/fakeBatch/normalizeMedian.normalized_dendrogram.png",
                "plots/proteus/contrasts/fakeBatch/normalizeMedian.normalized_distributions.png",
                "plots/proteus/contrasts/fakeBatch/normalizeMedian.normalized_mean_variance_relationship.png",
                "plots/proteus/contrasts/fakeBatch/raw_distributions.png",
                "plots/qc",
                "plots/qc/contrasts",
                "plots/qc/contrasts/fakebatch_fakeBatch_b1_b2_PXD043349.limma.mean_difference.png",
                "plots/qc/contrasts/genotype_celltype_t1_FoB_PXD043349.limma.mean_difference.png",
                "plots/qc/contrasts/genotype_celltype_t1_MZ_fakeBatch_PXD043349.limma.mean_difference.png",
                "plots/qc/contrasts/genotype_celltype_t1_t2_PXD043349.limma.mean_difference.png",
                "report",
                "report/contrasts",
                "report/contrasts/PXD043349.zip",
                "report/contrasts/PXD043349_differentialabundance_report.html",
                "tables",
                "tables/differential",
                "tables/differential/contrasts",
                "tables/differential/contrasts/fakebatch_fakeBatch_b1_b2_PXD043349.limma.results.tsv",
                "tables/differential/contrasts/fakebatch_fakeBatch_b1_b2_PXD043349.limma.results_filtered.tsv",
                "tables/differential/contrasts/genotype_celltype_t1_FoB_PXD043349.limma.results.tsv",
                "tables/differential/contrasts/genotype_celltype_t1_FoB_PXD043349.limma.results_filtered.tsv",
                "tables/differential/contrasts/genotype_celltype_t1_MZ_fakeBatch_PXD043349.limma.results.tsv",
                "tables/differential/contrasts/genotype_celltype_t1_MZ_fakeBatch_PXD043349.limma.results_filtered.tsv",
                "tables/differential/contrasts/genotype_celltype_t1_t2_PXD043349.limma.results.tsv",
                "tables/differential/contrasts/genotype_celltype_t1_t2_PXD043349.limma.results_filtered.tsv",
                "tables/proteus",
                "tables/proteus/contrasts",
                "tables/proteus/contrasts/Celltype",
                "tables/proteus/contrasts/Celltype/normalizeMedian.normalized_proteingroups_tab.tsv",
                "tables/proteus/contrasts/Celltype/raw_proteingroups_tab.tsv",
                "tables/proteus/contrasts/fakeBatch",
                "tables/proteus/contrasts/fakeBatch/normalizeMedian.normalized_proteingroups_tab.tsv",
                "tables/proteus/contrasts/fakeBatch/raw_proteingroups_tab.tsv"
            ],
            [
                "R_sessionInfo.log:md5,411badddf7904da0ed1de02b544109d2",
                "normalizeMedian.normalized_proteingroups.rds:md5,da660b225f066a1e87bf8bb4196adcc6",
                "raw_proteingroups.rds:md5,0b38726c41e7b32213e5e15380c29612",
                "normalizeMedian.normalized_proteingroups.rds:md5,6f7def9ce31c8ee07f649675db394848",
                "raw_proteingroups.rds:md5,daef7d25977a1628870dee75e2977ee3",
                "versions.yml:md5,6f272b823a1be20b80a81cc01b70e1ed",
                "versions.yml:md5,d5db8686bec50d4d783d486fc4c0899a",
                "normalizeMedian.normalized_proteingroups_tab.tsv:md5,154fcd8d23409981b897d153e7b7e34e",
                "raw_proteingroups_tab.tsv:md5,33a8791f84c676ea1aea4842231acb6a",
                "normalizeMedian.normalized_proteingroups_tab.tsv:md5,154fcd8d23409981b897d153e7b7e34e",
                "raw_proteingroups_tab.tsv:md5,33a8791f84c676ea1aea4842231acb6a"
            ]
        ],
        "meta": {
            "nf-test": "0.9.3",
            "nextflow": "25.04.2"
        },
        "timestamp": "2025-12-03T18:47:18.916558421"
    }
}