{
    "Test soft profile - contrasts": {
        "content": [
            10,
            {
                "CUSTOM_FILTERDIFFERENTIALTABLE": {
                    "pandas": "1.5.2"
                },
                "GEOQUERY_GETGEO": {
                    "r-base": "4.3.2",
                    "bioconductor-geoquery": "2.70.0"
                },
                "LIMMA_DIFFERENTIAL": {
                    "r-base": "4.3.3",
                    "bioconductor-limma": "3.58.1"
                },
                "PLOT_DIFFERENTIAL": {
                    "r-shinyngs": "2.3.0"
                },
                "PLOT_EXPLORATORY": {
                    "r-shinyngs": "2.3.0"
                },
                "SHINYNGS_APP": {
                    "r-shinyngs": "2.3.0"
                },
                "VALIDATOR": {
                    "r-shinyngs": "2.3.0"
                },
                "Workflow": {
                    "nf-core/differentialabundance": "v1.6.0dev"
                }
            },
            [
                "other",
                "other/affy",
                "other/affy/contrasts",
                "other/affy/contrasts/normalised.eset.rds",
                "other/limma",
                "other/limma/contrasts",
                "other/limma/contrasts/phenotype_uninvolved_lesional_study.MArrayLM.limma.rds",
                "pipeline_info",
                "pipeline_info/collated_versions.yml",
                "pipeline_info/nf_core_differentialabundance_software_versions.yml",
                "plots",
                "plots/differential",
                "plots/differential/contrasts",
                "plots/differential/contrasts/phenotype_uninvolved_lesional_study",
                "plots/differential/contrasts/phenotype_uninvolved_lesional_study/png",
                "plots/differential/contrasts/phenotype_uninvolved_lesional_study/png/volcano.png",
                "plots/differential/contrasts/versions.yml",
                "plots/exploratory",
                "plots/exploratory/contrasts",
                "plots/exploratory/contrasts/phenotype",
                "plots/exploratory/contrasts/phenotype/png",
                "plots/exploratory/contrasts/phenotype/png/boxplot.png",
                "plots/exploratory/contrasts/phenotype/png/density.png",
                "plots/exploratory/contrasts/phenotype/png/mad_correlation.png",
                "plots/exploratory/contrasts/phenotype/png/pca2d.png",
                "plots/exploratory/contrasts/phenotype/png/pca3d.png",
                "plots/exploratory/contrasts/phenotype/png/sample_dendrogram.png",
                "plots/exploratory/contrasts/versions.yml",
                "plots/qc",
                "plots/qc/contrasts",
                "plots/qc/contrasts/phenotype_uninvolved_lesional_study.limma.mean_difference.png",
                "report",
                "report/contrasts",
                "report/contrasts/study.zip",
                "report/contrasts/study_differentialabundance_report.html",
                "shinyngs_app",
                "shinyngs_app/contrasts",
                "shinyngs_app/contrasts/study",
                "shinyngs_app/contrasts/study/app.R",
                "shinyngs_app/contrasts/study/data.rds",
                "shinyngs_app/contrasts/versions.yml",
                "tables",
                "tables/annotation",
                "tables/annotation/contrasts",
                "tables/annotation/contrasts/normalised.annotation.tsv",
                "tables/differential",
                "tables/differential/contrasts",
                "tables/differential/contrasts/phenotype_uninvolved_lesional_study.limma.results.tsv",
                "tables/differential/contrasts/phenotype_uninvolved_lesional_study.limma.results_filtered.tsv",
                "tables/processed_abundance",
                "tables/processed_abundance/contrasts",
                "tables/processed_abundance/contrasts/normalised.matrix.tsv"
            ],
            [
                "normalised.eset.rds:md5,ee83ece8b75d711163af9dd9300db49a",
                "versions.yml:md5,6f272b823a1be20b80a81cc01b70e1ed",
                "versions.yml:md5,d5db8686bec50d4d783d486fc4c0899a",
                "app.R:md5,bedcfc45b6cdcc2b8fe3627987e2b17a",
                "versions.yml:md5,ecfaf8bd98d719aecbb445e61e36c800",
                "normalised.annotation.tsv:md5,40300ae222ae35fa54daf10a1b86e830",
                "normalised.matrix.tsv:md5,230f87f91c0c1a7e2ab354200c4b978c"
            ]
        ],
        "meta": {
            "nf-test": "0.9.3",
            "nextflow": "25.10.3"
        },
        "timestamp": "2026-02-16T17:35:22.386797712"
    }
}